// Jest Snapshot v1, https://goo.gl/fbAQLP

exports[`renders learn react link 1`] = `
<div>
  <nav>
    <ul>
      <li>
        <a
          href="/"
        >
          SharedShopper
        </a>
      </li>
      <li>
        <a
          href="/list"
        >
          Einkaufszettel
        </a>
      </li>
    </ul>
  </nav>
  <h2>
    Home
  </h2>
</div>
`;
